            --------------------------------------------------------
                              AMBER SQM VERSION 1.0                 
 
                                      By
                              Ross C. Walker (SDSC)
                                      and
                             David A. Case (Rutgers)
 
            --------------------------------------------------------
 

--------------------------------------------------------------------------------
  3.1 QM CALCULATION INFO
--------------------------------------------------------------------------------

QMMM: SINGLET STATE CALCULATION
QMMM: RHF CALCULATION, NO. OF DOUBLY OCCUPIED LEVELS =109

| QMMM: Citation for AMBER QMMM Run:
| QMMM: R.C. Walker, M.F. Crowley and D.A. Case, J. COMP. CHEM. 29:1019, 2008

| QMMM: Parameter sets in use:
| QMMM: C : M.J.S.DEWAR et al. JACS, 107, 3902, (1985)
| QMMM: N : M.J.S.DEWAR et al. JACS, 107, 3902, (1985)
| QMMM: O : M.J.S.DEWAR et al. JACS, 107, 3902, (1985)
| QMMM: H : M.J.S.DEWAR et al. JACS, 107, 3902, (1985)
 
| QMMM: *** Diagonalization Routine Information ***
| QMMM: Pseudo diagonalizations are allowed.
| QMMM: Auto diagonalization routine selection is disabled.
| QMMM: Using internal diagonalization routine (diag_routine=1).

  QMMM: QM Region Cartesian Coordinates (*=link atom) 
  QMMM: QM_NO.   MM_NO.  ATOM         X         Y         Z
  QMMM:     1        1      C        1.2870   -5.8370   -5.4640
  QMMM:     2        2      C        1.2510   -3.5270   -6.4580
  QMMM:     3        3      C        0.7870   -2.6580   -5.2880
  QMMM:     4        4      C        1.4310   -2.9890   -3.9630
  QMMM:     5        5      C        1.1020   -4.3790   -3.4210
  QMMM:     6        6      C        0.1740   -5.5520   -7.5220
  QMMM:     7        7      C       -1.0010   -4.8190   -8.0300
  QMMM:     8        8      C       -1.3880   -4.9450   -9.3530
  QMMM:     9        9      C       -2.4920   -4.2510   -9.8210
  QMMM:    10       10      C       -3.2070   -3.4310   -8.9630
  QMMM:    11       11      C       -2.8200   -3.3060   -7.6430
  QMMM:    12       12      C       -1.7180   -3.9980   -7.1760
  QMMM:    13       13      C       -4.4030   -2.6760   -9.4620
  QMMM:    14       14      C        2.7300   -3.4750   -6.8310
  QMMM:    15       15      C        2.9470   -3.7610   -8.2940
  QMMM:    16       16      C        3.9260   -4.6640   -8.6660
  QMMM:    17       17      C        4.1310   -4.9530   -9.9980
  QMMM:    18       18      C        3.3580   -4.3390  -10.9630
  QMMM:    19       19      C        2.3770   -3.4320  -10.5960
  QMMM:    20       20      C        2.1690   -3.1440   -9.2580
  QMMM:    21       21      C       -0.3610   -4.6870   -3.1140
  QMMM:    22       22      C       -0.4980   -5.7060   -2.0130
  QMMM:    23       23      C       -1.3450   -6.7830   -2.1920
  QMMM:    24       24      C       -1.4740   -7.7370   -1.2060
  QMMM:    25       25      C       -0.7570   -7.6160   -0.0340
  QMMM:    26       26      C        0.0930   -6.5370    0.1540
  QMMM:    27       27      C        0.2240   -5.5810   -0.8390
  QMMM:    28       28      C        2.4300   -6.5300   -3.5260
  QMMM:    29       29      C        3.5390   -6.0350   -2.6890
  QMMM:    30       30      C        3.9820   -6.7700   -1.6010
  QMMM:    31       31      C        5.0280   -6.2950   -0.8260
  QMMM:    32       32      C        5.6280   -5.0860   -1.1390
  QMMM:    33       33      C        5.1850   -4.3530   -2.2240
  QMMM:    34       34      C        4.1420   -4.8260   -2.9990
  QMMM:    35       35      C        6.7610   -4.5680   -0.3030
  QMMM:    36       36      N        0.8710   -4.9570   -6.3850
  QMMM:    37       37      N        1.6330   -5.5160   -4.2100
  QMMM:    38       38      O        1.3580   -7.0130   -5.7920
  QMMM:    39       39      O        1.0440   -1.3470   -5.6430
  QMMM:    40       40      O        1.0440   -2.0840   -2.9920
  QMMM:    41       41      O       -4.0310   -1.8430  -10.5500
  QMMM:    42       42      O        6.2750   -4.1440    0.9620
  QMMM:    43       43      H        0.7200   -3.1370   -7.3170
  QMMM:    44       44      H       -0.2800   -2.7800   -5.1810
  QMMM:    45       45      H        2.5020   -2.9230   -4.0840
  QMMM:    46       46      H        1.6160   -4.4310   -2.4690
  QMMM:    47       47      H       -0.1370   -6.5490   -7.2360
  QMMM:    48       48      H        0.8780   -5.6440   -8.3330
  QMMM:    49       49      H       -0.8320   -5.5830  -10.0200
  QMMM:    50       50      H       -2.7950   -4.3490  -10.8530
  QMMM:    51       51      H       -3.3780   -2.6660   -6.9760
  QMMM:    52       52      H       -1.4170   -3.8980   -6.1430
  QMMM:    53       53      H       -4.8010   -2.0740   -8.6550
  QMMM:    54       54      H       -5.1570   -3.3720   -9.7910
  QMMM:    55       55      H        3.2560   -4.2130   -6.2450
  QMMM:    56       56      H        3.1200   -2.4950   -6.6010
  QMMM:    57       57      H        4.5300   -5.1420   -7.9130
  QMMM:    58       58      H        4.8960   -5.6580  -10.2860
  QMMM:    59       59      H        3.5190   -4.5700  -12.0000
  QMMM:    60       60      H        1.7730   -2.9520  -11.3520
  QMMM:    61       61      H        1.4060   -2.4380   -8.9680
  QMMM:    62       62      H       -0.8250   -5.0720   -4.0100
  QMMM:    63       63      H       -0.8620   -3.7780   -2.8180
  QMMM:    64       64      H       -1.9060   -6.8780   -3.1050
  QMMM:    65       65      H       -2.1360   -8.5770   -1.3510
  QMMM:    66       66      H       -0.8580   -8.3630    0.7290
  QMMM:    67       67      H        0.6540   -6.4440    1.0720
  QMMM:    68       68      H        0.8840   -4.7390   -0.6960
  QMMM:    69       69      H        2.8340   -7.1970   -4.2770
  QMMM:    70       70      H        1.7710   -7.1020   -2.8930
  QMMM:    71       71      H        3.5150   -7.7100   -1.3580
  QMMM:    72       72      H        5.3740   -6.8660    0.0220
  QMMM:    73       73      H        5.6540   -3.4110   -2.4670
  QMMM:    74       74      H        3.7980   -4.2510   -3.8470
  QMMM:    75       75      H        7.2270   -3.7370   -0.8170
  QMMM:    76       76      H        7.4890   -5.3490   -0.1590
  QMMM:    77       77      H        0.6420   -1.1870   -6.5000
  QMMM:    78       78      H        1.6930   -2.1110   -2.2860
  QMMM:    79       79      H       -4.6740   -1.9660  -11.2520
  QMMM:    80       80      H        6.4640   -4.8360    1.6000

--------------------------------------------------------------------------------
   4.  RESULTS
--------------------------------------------------------------------------------

sqm energy:    10   -112.2260    1.145341
sqm energy:    20   -115.5290    0.623271
sqm energy:    30   -117.6456    2.392111
sqm energy:    40   -119.5203    0.164744
sqm energy:    50   -119.7415    0.191894
sqm energy:    60   -119.8504    0.116227
sqm energy:    70   -119.9541    0.035163
sqm energy:    80   -120.1269    0.189271
sqm energy:    90   -120.1459    0.005515
sqm energy:   100   -120.1467    0.000608
 Final SCF energy is   -120.146671928640     
 
    Atomic Charges for Step       1 :
  Atom    Element       Mulliken Charge
     1      C               0.384162
     2      C              -0.010492
     3      C              -0.009695
     4      C               0.023123
     5      C               0.052941
     6      C              -0.011659
     7      C              -0.083033
     8      C              -0.121356
     9      C              -0.130736
    10      C              -0.113986
    11      C              -0.115689
    12      C              -0.110943
    13      C               0.014338
    14      C              -0.156201
    15      C              -0.082850
    16      C              -0.128906
    17      C              -0.128705
    18      C              -0.130954
    19      C              -0.132254
    20      C              -0.129092
    21      C              -0.141569
    22      C              -0.073844
    23      C              -0.122978
    24      C              -0.128670
    25      C              -0.131728
    26      C              -0.129917
    27      C              -0.133053
    28      C               0.016876
    29      C              -0.101640
    30      C              -0.116816
    31      C              -0.130498
    32      C              -0.113551
    33      C              -0.112630
    34      C              -0.114926
    35      C               0.014693
    36      N              -0.297014
    37      N              -0.314984
    38      O              -0.408141
    39      O              -0.338978
    40      O              -0.333016
    41      O              -0.319441
    42      O              -0.320130
    43      H               0.110357
    44      H               0.103860
    45      H               0.099401
    46      H               0.120253
    47      H               0.124810
    48      H               0.092850
    49      H               0.139949
    50      H               0.128869
    51      H               0.137231
    52      H               0.141072
    53      H               0.112005
    54      H               0.073214
    55      H               0.104807
    56      H               0.116470
    57      H               0.153788
    58      H               0.134983
    59      H               0.131639
    60      H               0.131042
    61      H               0.130084
    62      H               0.104223
    63      H               0.117165
    64      H               0.132566
    65      H               0.131918
    66      H               0.131275
    67      H               0.131033
    68      H               0.136271
    69      H               0.133482
    70      H               0.100831
    71      H               0.133710
    72      H               0.128536
    73      H               0.138134
    74      H               0.151606
    75      H               0.111231
    76      H               0.071789
    77      H               0.212123
    78      H               0.224942
    79      H               0.197762
    80      H               0.198665
 Total Mulliken Charge =    0.000000
 
 Final Structure

  QMMM: QM Region Cartesian Coordinates (*=link atom) 
  QMMM: QM_NO.   MM_NO.  ATOM         X         Y         Z
  QMMM:     1        1      C        1.4231   -5.7824   -5.1764
  QMMM:     2        2      C        1.1403   -3.5225   -6.1185
  QMMM:     3        3      C        0.5959   -2.6761   -4.9395
  QMMM:     4        4      C        1.2087   -3.0589   -3.5883
  QMMM:     5        5      C        0.8111   -4.4795   -3.1065
  QMMM:     6        6      C        0.2650   -5.5007   -7.2907
  QMMM:     7        7      C       -0.9938   -4.8961   -7.8429
  QMMM:     8        8      C       -0.9912   -4.3230   -9.1190
  QMMM:     9        9      C       -2.1682   -3.8071   -9.6562
  QMMM:    10       10      C       -3.3589   -3.8469   -8.9226
  QMMM:    11       11      C       -3.3588   -4.4156   -7.6455
  QMMM:    12       12      C       -2.1840   -4.9403   -7.1100
  QMMM:    13       13      C       -4.6223   -3.3044   -9.5101
  QMMM:    14       14      C        2.6656   -3.3366   -6.2424
  QMMM:    15       15      C        3.1680   -3.6227   -7.6132
  QMMM:    16       16      C        3.5706   -4.9171   -7.9663
  QMMM:    17       17      C        4.0720   -5.1727   -9.2413
  QMMM:    18       18      C        4.1761   -4.1406  -10.1741
  QMMM:    19       19      C        3.7761   -2.8502   -9.8283
  QMMM:    20       20      C        3.2753   -2.5911   -8.5534
  QMMM:    21       21      C       -0.7222   -4.6285   -3.0722
  QMMM:    22       22      C       -1.1551   -5.7354   -2.1772
  QMMM:    23       23      C       -1.6830   -6.9173   -2.7091
  QMMM:    24       24      C       -2.1056   -7.9421   -1.8632
  QMMM:    25       25      C       -2.0073   -7.7944   -0.4803
  QMMM:    26       26      C       -1.4855   -6.6170    0.0564
  QMMM:    27       27      C       -1.0620   -5.5918   -0.7867
  QMMM:    28       28      C        2.3168   -6.4402   -3.0032
  QMMM:    29       29      C        3.7173   -5.9521   -2.7576
  QMMM:    30       30      C        4.1262   -5.5887   -1.4713
  QMMM:    31       31      C        5.4374   -5.1755   -1.2464
  QMMM:    32       32      C        6.3509   -5.1119   -2.3042
  QMMM:    33       33      C        5.9382   -5.4703   -3.5913
  QMMM:    34       34      C        4.6288   -5.8898   -3.8166
  QMMM:    35       35      C        7.7605   -4.6823   -2.0516
  QMMM:    36       36      N        0.6715   -4.8978   -6.0250
  QMMM:    37       37      N        1.5066   -5.5396   -3.8034
  QMMM:    38       38      O        1.9604   -6.8115   -5.6596
  QMMM:    39       39      O        0.9364   -1.3074   -5.1346
  QMMM:    40       40      O        0.7405   -2.1788   -2.5744
  QMMM:    41       41      O       -4.5572   -1.9174   -9.7850
  QMMM:    42       42      O        7.8638   -3.3401   -1.6136
  QMMM:    43       43      H        0.6758   -3.0826   -7.0565
  QMMM:    44       44      H       -0.5259   -2.7724   -4.8894
  QMMM:    45       45      H        2.3311   -2.9730   -3.6530
  QMMM:    46       46      H        1.1585   -4.5165   -2.0232
  QMMM:    47       47      H        0.0798   -6.6009   -7.1110
  QMMM:    48       48      H        1.0955   -5.4187   -8.0531
  QMMM:    49       49      H       -0.0593   -4.2847   -9.7037
  QMMM:    50       50      H       -2.1618   -3.3694  -10.6658
  QMMM:    51       51      H       -4.2899   -4.4490   -7.0595
  QMMM:    52       52      H       -2.1894   -5.3893   -6.1044
  QMMM:    53       53      H       -5.4832   -3.4030   -8.7933
  QMMM:    54       54      H       -4.8643   -3.8639  -10.4565
  QMMM:    55       55      H        3.2015   -3.9924   -5.5031
  QMMM:    56       56      H        2.8984   -2.2694   -5.9723
  QMMM:    57       57      H        3.4803   -5.7364   -7.2318
  QMMM:    58       58      H        4.3875   -6.1918   -9.5099
  QMMM:    59       59      H        4.5753   -4.3435  -11.1784
  QMMM:    60       60      H        3.8602   -2.0333  -10.5599
  QMMM:    61       61      H        2.9703   -1.5696   -8.2813
  QMMM:    62       62      H       -1.1346   -4.7858   -4.1028
  QMMM:    63       63      H       -1.1337   -3.6557   -2.6829
  QMMM:    64       64      H       -1.7632   -7.0387   -3.7999
  QMMM:    65       65      H       -2.5177   -8.8684   -2.2898
  QMMM:    66       66      H       -2.3419   -8.6027    0.1859
  QMMM:    67       67      H       -1.4111   -6.4956    1.1470
  QMMM:    68       68      H       -0.6580   -4.6598   -0.3627
  QMMM:    69       69      H        2.3779   -7.4395   -3.5298
  QMMM:    70       70      H        1.7926   -6.6032   -2.0170
  QMMM:    71       71      H        3.4138   -5.6317   -0.6335
  QMMM:    72       72      H        5.7578   -4.9005   -0.2302
  QMMM:    73       73      H        6.6491   -5.4197   -4.4300
  QMMM:    74       74      H        4.3006   -6.1801   -4.8293
  QMMM:    75       75      H        8.3743   -4.7138   -2.9932
  QMMM:    76       76      H        8.2266   -5.3621   -1.2845
  QMMM:    77       77      H        0.4510   -1.0039   -5.9103
  QMMM:    78       78      H        0.9237   -1.2803   -2.8812
  QMMM:    79       79      H       -3.7634   -1.7616  -10.3107
  QMMM:    80       80      H        7.2366   -3.2205   -0.8903
 
           --------- Calculation Completed ----------
 
