            --------------------------------------------------------
                             AMBER SQM VERSION 1.4
 
                                     By
              Ross C. Walker, Michael F. Crowley, Scott Brozell,
                Tim Giese, Andreas W. Goetz and David A. Case
 
            --------------------------------------------------------
 

--------------------------------------------------------------------------------
  QM CALCULATION INFO
--------------------------------------------------------------------------------

| QMMM: Citation for AMBER QMMM Run:
| QMMM: R.C. Walker, M.F. Crowley and D.A. Case, J. COMP. CHEM. 29:1019, 2008

QMMM: SINGLET STATE CALCULATION
QMMM: RHF CALCULATION, NO. OF DOUBLY OCCUPIED LEVELS =109

| QMMM: *** Selected Hamiltonian *** 
| QMMM: AM1         

| QMMM: *** Parameter sets in use ***
| QMMM: C : M.J.S.DEWAR et al. JACS, 107, 3902, (1985)
| QMMM: N : M.J.S.DEWAR et al. JACS, 107, 3902, (1985)
| QMMM: O : M.J.S.DEWAR et al. JACS, 107, 3902, (1985)
| QMMM: H : M.J.S.DEWAR et al. JACS, 107, 3902, (1985)

| QMMM: *** SCF convergence criteria ***
| QMMM: Energy change                :  0.1D-09 kcal/mol
| QMMM: Error matrix |FP-PF|         :  0.1D+00 au
| QMMM: Density matrix change        :  0.1D-09
| QMMM: Maximum number of SCF cycles :     1000
 
| QMMM: *** Diagonalization Routine Information ***
| QMMM: Pseudo diagonalizations are allowed.
| QMMM: Auto diagonalization routine selection is disabled.
| QMMM: Using internal diagonalization routine (diag_routine=1).

  QMMM: QM Region Cartesian Coordinates (*=link atom) 
  QMMM: QM_NO.   MM_NO.  ATOM         X         Y         Z
  QMMM:     1        1      C        1.2870   -5.8370   -5.4640
  QMMM:     2        2      C        1.2510   -3.5270   -6.4580
  QMMM:     3        3      C        0.7870   -2.6580   -5.2880
  QMMM:     4        4      C        1.4310   -2.9890   -3.9630
  QMMM:     5        5      C        1.1020   -4.3790   -3.4210
  QMMM:     6        6      C        0.1740   -5.5520   -7.5220
  QMMM:     7        7      C       -1.0010   -4.8190   -8.0300
  QMMM:     8        8      C       -1.3880   -4.9450   -9.3530
  QMMM:     9        9      C       -2.4920   -4.2510   -9.8210
  QMMM:    10       10      C       -3.2070   -3.4310   -8.9630
  QMMM:    11       11      C       -2.8200   -3.3060   -7.6430
  QMMM:    12       12      C       -1.7180   -3.9980   -7.1760
  QMMM:    13       13      C       -4.4030   -2.6760   -9.4620
  QMMM:    14       14      C        2.7300   -3.4750   -6.8310
  QMMM:    15       15      C        2.9470   -3.7610   -8.2940
  QMMM:    16       16      C        3.9260   -4.6640   -8.6660
  QMMM:    17       17      C        4.1310   -4.9530   -9.9980
  QMMM:    18       18      C        3.3580   -4.3390  -10.9630
  QMMM:    19       19      C        2.3770   -3.4320  -10.5960
  QMMM:    20       20      C        2.1690   -3.1440   -9.2580
  QMMM:    21       21      C       -0.3610   -4.6870   -3.1140
  QMMM:    22       22      C       -0.4980   -5.7060   -2.0130
  QMMM:    23       23      C       -1.3450   -6.7830   -2.1920
  QMMM:    24       24      C       -1.4740   -7.7370   -1.2060
  QMMM:    25       25      C       -0.7570   -7.6160   -0.0340
  QMMM:    26       26      C        0.0930   -6.5370    0.1540
  QMMM:    27       27      C        0.2240   -5.5810   -0.8390
  QMMM:    28       28      C        2.4300   -6.5300   -3.5260
  QMMM:    29       29      C        3.5390   -6.0350   -2.6890
  QMMM:    30       30      C        3.9820   -6.7700   -1.6010
  QMMM:    31       31      C        5.0280   -6.2950   -0.8260
  QMMM:    32       32      C        5.6280   -5.0860   -1.1390
  QMMM:    33       33      C        5.1850   -4.3530   -2.2240
  QMMM:    34       34      C        4.1420   -4.8260   -2.9990
  QMMM:    35       35      C        6.7610   -4.5680   -0.3030
  QMMM:    36       36      N        0.8710   -4.9570   -6.3850
  QMMM:    37       37      N        1.6330   -5.5160   -4.2100
  QMMM:    38       38      O        1.3580   -7.0130   -5.7920
  QMMM:    39       39      O        1.0440   -1.3470   -5.6430
  QMMM:    40       40      O        1.0440   -2.0840   -2.9920
  QMMM:    41       41      O       -4.0310   -1.8430  -10.5500
  QMMM:    42       42      O        6.2750   -4.1440    0.9620
  QMMM:    43       43      H        0.7200   -3.1370   -7.3170
  QMMM:    44       44      H       -0.2800   -2.7800   -5.1810
  QMMM:    45       45      H        2.5020   -2.9230   -4.0840
  QMMM:    46       46      H        1.6160   -4.4310   -2.4690
  QMMM:    47       47      H       -0.1370   -6.5490   -7.2360
  QMMM:    48       48      H        0.8780   -5.6440   -8.3330
  QMMM:    49       49      H       -0.8320   -5.5830  -10.0200
  QMMM:    50       50      H       -2.7950   -4.3490  -10.8530
  QMMM:    51       51      H       -3.3780   -2.6660   -6.9760
  QMMM:    52       52      H       -1.4170   -3.8980   -6.1430
  QMMM:    53       53      H       -4.8010   -2.0740   -8.6550
  QMMM:    54       54      H       -5.1570   -3.3720   -9.7910
  QMMM:    55       55      H        3.2560   -4.2130   -6.2450
  QMMM:    56       56      H        3.1200   -2.4950   -6.6010
  QMMM:    57       57      H        4.5300   -5.1420   -7.9130
  QMMM:    58       58      H        4.8960   -5.6580  -10.2860
  QMMM:    59       59      H        3.5190   -4.5700  -12.0000
  QMMM:    60       60      H        1.7730   -2.9520  -11.3520
  QMMM:    61       61      H        1.4060   -2.4380   -8.9680
  QMMM:    62       62      H       -0.8250   -5.0720   -4.0100
  QMMM:    63       63      H       -0.8620   -3.7780   -2.8180
  QMMM:    64       64      H       -1.9060   -6.8780   -3.1050
  QMMM:    65       65      H       -2.1360   -8.5770   -1.3510
  QMMM:    66       66      H       -0.8580   -8.3630    0.7290
  QMMM:    67       67      H        0.6540   -6.4440    1.0720
  QMMM:    68       68      H        0.8840   -4.7390   -0.6960
  QMMM:    69       69      H        2.8340   -7.1970   -4.2770
  QMMM:    70       70      H        1.7710   -7.1020   -2.8930
  QMMM:    71       71      H        3.5150   -7.7100   -1.3580
  QMMM:    72       72      H        5.3740   -6.8660    0.0220
  QMMM:    73       73      H        5.6540   -3.4110   -2.4670
  QMMM:    74       74      H        3.7980   -4.2510   -3.8470
  QMMM:    75       75      H        7.2270   -3.7370   -0.8170
  QMMM:    76       76      H        7.4890   -5.3490   -0.1590
  QMMM:    77       77      H        0.6420   -1.1870   -6.5000
  QMMM:    78       78      H        1.6930   -2.1110   -2.2860
  QMMM:    79       79      H       -4.6740   -1.9660  -11.2520
  QMMM:    80       80      H        6.4640   -4.8360    1.6000

--------------------------------------------------------------------------------
  RESULTS
--------------------------------------------------------------------------------

      iter         sqm energy              rms gradient
      ----    -------------------    -----------------------
xmin    10     -112.3764 kcal/mol        1.2383 kcal/(mol*A)
xmin    20     -115.4254 kcal/mol        0.3257 kcal/(mol*A)
xmin    30     -117.6268 kcal/mol        1.7168 kcal/(mol*A)
xmin    40     -119.4684 kcal/mol        0.1218 kcal/(mol*A)
xmin    50     -119.7302 kcal/mol        0.1853 kcal/(mol*A)
xmin    60     -119.8702 kcal/mol        0.0963 kcal/(mol*A)
xmin    70     -119.9403 kcal/mol        0.1082 kcal/(mol*A)
xmin    80     -120.1283 kcal/mol        0.1325 kcal/(mol*A)
xmin    90     -120.1462 kcal/mol        0.0076 kcal/(mol*A)
xmin   100     -120.1467 kcal/mol        0.0009 kcal/(mol*A)
  ... geometry converged !

 Heat of formation   =       -120.14667203 kcal/mol  (       -5.20995065 eV)
 Total SCF energy    =    -161889.82275425 kcal/mol  (    -7020.06950064 eV)
 Electronic energy   =   -1697965.81104917 kcal/mol  (   -73629.32271147 eV)
 Core-core repulsion =    1536075.98829492 kcal/mol  (    66609.25321083 eV)
 
    Atomic Charges for Step       1 :
  Atom    Element       Mulliken Charge
     1      C               0.384159
     2      C              -0.010497
     3      C              -0.009693
     4      C               0.023120
     5      C               0.052941
     6      C              -0.011657
     7      C              -0.083036
     8      C              -0.121352
     9      C              -0.130736
    10      C              -0.113986
    11      C              -0.115692
    12      C              -0.110946
    13      C               0.014338
    14      C              -0.156200
    15      C              -0.082850
    16      C              -0.128908
    17      C              -0.128707
    18      C              -0.130955
    19      C              -0.132254
    20      C              -0.129090
    21      C              -0.141565
    22      C              -0.073845
    23      C              -0.122976
    24      C              -0.128671
    25      C              -0.131727
    26      C              -0.129918
    27      C              -0.133052
    28      C               0.016874
    29      C              -0.101643
    30      C              -0.116815
    31      C              -0.130497
    32      C              -0.113551
    33      C              -0.112629
    34      C              -0.114928
    35      C               0.014693
    36      N              -0.297010
    37      N              -0.314984
    38      O              -0.408137
    39      O              -0.338978
    40      O              -0.333017
    41      O              -0.319442
    42      O              -0.320130
    43      H               0.110361
    44      H               0.103857
    45      H               0.099401
    46      H               0.120253
    47      H               0.124803
    48      H               0.092851
    49      H               0.139952
    50      H               0.128869
    51      H               0.137231
    52      H               0.141075
    53      H               0.112004
    54      H               0.073214
    55      H               0.104805
    56      H               0.116471
    57      H               0.153789
    58      H               0.134983
    59      H               0.131639
    60      H               0.131042
    61      H               0.130085
    62      H               0.104220
    63      H               0.117164
    64      H               0.132569
    65      H               0.131918
    66      H               0.131275
    67      H               0.131033
    68      H               0.136270
    69      H               0.133486
    70      H               0.100831
    71      H               0.133711
    72      H               0.128537
    73      H               0.138135
    74      H               0.151601
    75      H               0.111231
    76      H               0.071790
    77      H               0.212124
    78      H               0.224942
    79      H               0.197763
    80      H               0.198665
 Total Mulliken Charge =    0.000000
 
 Final Structure

  QMMM: QM Region Cartesian Coordinates (*=link atom) 
  QMMM: QM_NO.   MM_NO.  ATOM         X         Y         Z
  QMMM:     1        1      C        1.4206   -5.7831   -5.1737
  QMMM:     2        2      C        1.1427   -3.5247   -6.1208
  QMMM:     3        3      C        0.5998   -2.6746   -4.9438
  QMMM:     4        4      C        1.2116   -3.0556   -3.5916
  QMMM:     5        5      C        0.8109   -4.4744   -3.1068
  QMMM:     6        6      C        0.2635   -5.5037   -7.2889
  QMMM:     7        7      C       -0.9937   -4.8975   -7.8428
  QMMM:     8        8      C       -0.9895   -4.3276   -9.1204
  QMMM:     9        9      C       -2.1651   -3.8103   -9.6591
  QMMM:    10       10      C       -3.3561   -3.8455   -8.9257
  QMMM:    11       11      C       -3.3577   -4.4110   -7.6472
  QMMM:    12       12      C       -2.1842   -4.9372   -7.1101
  QMMM:    13       13      C       -4.6181   -3.3014   -9.5148
  QMMM:    14       14      C        2.6684   -3.3422   -6.2449
  QMMM:    15       15      C        3.1705   -3.6323   -7.6149
  QMMM:    16       16      C        3.5705   -4.9284   -7.9651
  QMMM:    17       17      C        4.0716   -5.1878   -9.2395
  QMMM:    18       18      C        4.1780   -4.1580  -10.1745
  QMMM:    19       19      C        3.7806   -2.8660   -9.8316
  QMMM:    20       20      C        3.2800   -2.6030   -8.5574
  QMMM:    21       21      C       -0.7226   -4.6202   -3.0725
  QMMM:    22       22      C       -1.1580   -5.7243   -2.1752
  QMMM:    23       23      C       -1.6881   -6.9063   -2.7046
  QMMM:    24       24      C       -2.1131   -7.9283   -1.8565
  QMMM:    25       25      C       -2.0147   -7.7778   -0.4739
  QMMM:    26       26      C       -1.4907   -6.6002    0.0603
  QMMM:    27       27      C       -1.0649   -5.5778   -0.7849
  QMMM:    28       28      C        2.3128   -6.4379   -2.9989
  QMMM:    29       29      C        3.7141   -5.9519   -2.7541
  QMMM:    30       30      C        4.1234   -5.5865   -1.4685
  QMMM:    31       31      C        5.4354   -5.1752   -1.2443
  QMMM:    32       32      C        6.3492   -5.1157   -2.3020
  QMMM:    33       33      C        5.9361   -5.4761   -3.5884
  QMMM:    34       34      C        4.6260   -5.8937   -3.8131
  QMMM:    35       35      C        7.7596   -4.6882   -2.0501
  QMMM:    36       36      N        0.6710   -4.8988   -6.0244
  QMMM:    37       37      N        1.5044   -5.5375   -3.8012
  QMMM:    38       38      O        1.9559   -6.8143   -5.6546
  QMMM:    39       39      O        0.9432   -1.3070   -5.1418
  QMMM:    40       40      O        0.7450   -2.1724   -2.5798
  QMMM:    41       41      O       -4.5497   -1.9153   -9.7932
  QMMM:    42       42      O        7.8653   -3.3452   -1.6151
  QMMM:    43       43      H        0.6793   -3.0859   -7.0599
  QMMM:    44       44      H       -0.5222   -2.7685   -4.8937
  QMMM:    45       45      H        2.3341   -2.9722   -3.6563
  QMMM:    46       46      H        1.1581   -4.5097   -2.0234
  QMMM:    47       47      H        0.0758   -6.6030   -7.1067
  QMMM:    48       48      H        1.0944   -5.4253   -8.0512
  QMMM:    49       49      H       -0.0573   -4.2929   -9.7050
  QMMM:    50       50      H       -2.1575   -3.3751  -10.6698
  QMMM:    51       51      H       -4.2890   -4.4407   -7.0614
  QMMM:    52       52      H       -2.1908   -5.3836   -6.1034
  QMMM:    53       53      H       -5.4794   -3.3962   -8.7980
  QMMM:    54       54      H       -4.8612   -3.8628  -10.4599
  QMMM:    55       55      H        3.2028   -3.9975   -5.5040
  QMMM:    56       56      H        2.9033   -2.2749   -5.9770
  QMMM:    57       57      H        3.4784   -5.7459   -7.2288
  QMMM:    58       58      H        4.3851   -6.2082   -9.5057
  QMMM:    59       59      H        4.5770   -4.3639  -11.1783
  QMMM:    60       60      H        3.8665   -2.0509  -10.5650
  QMMM:    61       61      H        2.9771   -1.5803   -8.2876
  QMMM:    62       62      H       -1.1352   -4.7789   -4.1028
  QMMM:    63       63      H       -1.1322   -3.6457   -2.6854
  QMMM:    64       64      H       -1.7684   -7.0299   -3.7951
  QMMM:    65       65      H       -2.5269   -8.8548   -2.2811
  QMMM:    66       66      H       -2.3512   -8.5839    0.1940
  QMMM:    67       67      H       -1.4164   -6.4766    1.1506
  QMMM:    68       68      H       -0.6592   -4.6456   -0.3630
  QMMM:    69       69      H        2.3721   -7.4384   -3.5234
  QMMM:    70       70      H        1.7880   -6.5977   -2.0125
  QMMM:    71       71      H        3.4108   -5.6263   -0.6308
  QMMM:    72       72      H        5.7561   -4.8986   -0.2286
  QMMM:    73       73      H        6.6473   -5.4288   -4.4271
  QMMM:    74       74      H        4.2974   -6.1855   -4.8252
  QMMM:    75       75      H        8.3735   -4.7230   -2.9915
  QMMM:    76       76      H        8.2242   -5.3671   -1.2814
  QMMM:    77       77      H        0.4585   -1.0043   -5.9183
  QMMM:    78       78      H        0.9300   -1.2750   -2.8885
  QMMM:    79       79      H       -3.7554   -1.7628  -10.3191
  QMMM:    80       80      H        7.2381   -3.2229   -0.8921
 
           --------- Calculation Completed ----------
 
